// Jest Snapshot v1, https://goo.gl/fbAQLP

exports[`App component renders correctly 1`] = `
<div
  id="main"
>
  <div
    id="main-standings"
  >
    <Standings
      handleClick={[Function]}
      teams={Array []}
    />
  </div>
</div>
`;
